scientist
Emma Nelson
3694 Maple Avenue
Tel Aviv, Israel

doctor - ophthalmologist
Dr. David Lewis
7185 Cedar Lane
Rome, Italy

accountant
Mia Lee
8389 Oak Lane
Fort Worth, TX, USA

pilot
Tina Martin
6044 Cedar Blvd.
Tel Aviv, Israel

paramedic
Wendy Jackson
4183 Oak Lane
Bangkok, Thailand


