engineer
Quinn Anderson
7556 Elm St.
Copenhagen, Denmark
